Microchip MPLAB XC8 Compiler V2.32

Linker command line:

-W-3 --edf=E:\Program Files\Microchip\xc8\v2.32\pic\dat\en_msgs.txt -cn \
  -h+dist/default/production\DenGiaoThong_Final.X.production.sym \
  --cmf=dist/default/production\DenGiaoThong_Final.X.production.cmf -z \
  -Q16F877A -oC:\Users\bang3\AppData\Local\Temp\xcAs78g.4 \
  --defsym=__MPLAB_BUILD=1 \
  -Mdist/default/production/DenGiaoThong_Final.X.production.map -E1 \
  -ver=XC8 Compiler --acfsm=1493 -ASTACK=0110h-016Fh -pstack=STACK \
  -ACODE=00h-07FFhx4 -ASTRCODE=00h-01FFFh -ASTRING=00h-0FFhx32 \
  -ACONST=00h-0FFhx32 -AENTRY=00h-0FFhx32 -ACOMMON=070h-07Fh \
  -ABANK0=020h-06Fh -ABANK1=0A0h-0EFh -ABANK2=0110h-016Fh \
  -ABANK3=0190h-01EFh -ARAM=020h-06Fh,0A0h-0EFh,0110h-016Fh,0190h-01EFh \
  -AABS1=020h-07Fh,0A0h-0EFh,0110h-016Fh,0190h-01EFh -ASFR0=00h-01Fh \
  -ASFR1=080h-09Fh -ASFR2=0100h-010Fh -ASFR3=0180h-018Fh \
  -ACONFIG=02007h-02007h -DCONFIG=2 -AIDLOC=02000h-02003h -DIDLOC=2 \
  -AEEDATA=00h-0FFh/02100h -peeprom_data=EEDATA -DEEDATA=2 -DCODE=2 \
  -DSTRCODE=2 -DSTRING=2 -DCONST=2 -DENTRY=2 \
  -preset_vec=00h,intentry=04h,init,end_init -ppowerup=CODE -pcinit=CODE \
  -pfunctab=ENTRY -k C:\Users\bang3\AppData\Local\Temp\xcAs78g.o \
  dist/default/production\DenGiaoThong_Final.X.production.o 

Object code version is 3.11

Machine type is 16F877A



                Name                               Link     Load   Length Selector   Space Scale
C:\Users\bang3\AppData\Local\Temp\xcAs78g.o
                end_init                             12       12        3        8       0
                reset_vec                             0        0        3        0       0
                config                             2007     2007        1        0       4
dist/default/production\DenGiaoThong_Final.X.production.o
                cinit                                15       15       20        8       0
                intentry                              4        4        E        8       0
                config                             2007     2007        1        0       4
                text23                              658      658        B        8       0
                text22                              64D      64D        B        8       0
                text21                              529      529       57        8       0
                text20                              642      642        B        8       0
                text19                              637      637        B        8       0
                text18                              62C      62C        B        8       0
                text17                              621      621        B        8       0
                text16                              5F4      5F4        C        8       0
                text15                              616      616        B        8       0
                text14                              40E      40E       67        8       0
                text13                              4D0      4D0       59        8       0
                text12                              2F2      2F2       B3        8       0
                text11                              60B      60B        B        8       0
                text10                              5E8      5E8        C        8       0
                text9                                35       35      11F        8       0
                text8                               580      580       16        8       0
                text7                               3A5      3A5       69        8       0
                text6                               475      475       5B        8       0
                text5                               23F      23F       B3        8       0
                text4                               5CC      5CC       10        8       0
                text3                               5A9      5A9       13        8       0
                text2                               600      600        B        8       0
                text1                               5DC      5DC        C        8       0
                maintext                            154      154       EB        8       0
                cstackBANK0                          20       20       13       20       1
                cstackCOMMON                         70       70        C       70       1
                inittext                            596      596       13        8       0
                dataBANK0                            33       33       10       20       1
                bssBANK0                             43       43        C       20       1
                bssCOMMON                            7C       7C        2       70       1
                nvBANK0                              4F       4F        2       20       1
                idataBANK0                          5BC      5BC       10        8       0

TOTAL           Name                               Link     Load   Length     Space
        CLASS   STACK          

        CLASS   CODE           
                end_init                             12       12        3         0
                cinit                                15       15       20         0
                intentry                              4        4        E         0
                reset_vec                             0        0        3         0
                text23                              658      658        B         0
                text22                              64D      64D        B         0
                text21                              529      529       57         0
                text20                              642      642        B         0
                text19                              637      637        B         0
                text18                              62C      62C        B         0
                text17                              621      621        B         0
                text16                              5F4      5F4        C         0
                text15                              616      616        B         0
                text14                              40E      40E       67         0
                text13                              4D0      4D0       59         0
                text12                              2F2      2F2       B3         0
                text11                              60B      60B        B         0
                text10                              5E8      5E8        C         0
                text9                                35       35      11F         0
                text8                               580      580       16         0
                text7                               3A5      3A5       69         0
                text6                               475      475       5B         0
                text5                               23F      23F       B3         0
                text4                               5CC      5CC       10         0
                text3                               5A9      5A9       13         0
                text2                               600      600        B         0
                text1                               5DC      5DC        C         0
                maintext                            154      154       EB         0
                inittext                            596      596       13         0
                idataBANK0                          5BC      5BC       10         0

        CLASS   STRCODE        

        CLASS   STRING         

        CLASS   CONST          

        CLASS   ENTRY          

        CLASS   COMMON         
                cstackCOMMON                         70       70        C         1
                bssCOMMON                            7C       7C        2         1

        CLASS   BANK0          
                cstackBANK0                          20       20       13         1
                dataBANK0                            33       33       10         1
                bssBANK0                             43       43        C         1
                nvBANK0                              4F       4F        2         1

        CLASS   BANK1          

        CLASS   BANK2          

        CLASS   BANK3          

        CLASS   RAM            

        CLASS   ABS1           
                abs_s1                               7E       7E        2         1

        CLASS   SFR0           

        CLASS   SFR1           

        CLASS   SFR2           

        CLASS   SFR3           

        CLASS   CONFIG         
                config                             2007     2007        1         4

        CLASS   IDLOC          

        CLASS   EEDATA         



SEGMENTS        Name                           Load    Length   Top    Selector   Space  Class     Delta

                reset_vec                      000000  000003  000003         0       0  CODE        2
                intentry                       000004  00065F  000663         8       0  CODE        2
                cstackBANK0                    000020  000031  000051        20       1  BANK0       1
                cstackCOMMON                   000070  00000E  00007E        70       1  COMMON      1


UNUSED ADDRESS RANGES

        Name                Unused          Largest block    Delta
        BANK0            0051-006F             1F           1
        BANK1            00A0-00EF             50           1
        BANK2            0110-016F             60           1
        BANK3            0190-01EF             60           1
        CODE             0003-0003              1           2
                         0663-1FFF            800
        CONST            0003-0003              1           2
                         0663-1FFF            100
        EEDATA           2100-21FF            100           2
        ENTRY            0003-0003              1           2
                         0663-1FFF            100
        IDLOC            2000-2003              4           2
        RAM              0051-006F             1F           1
                         00A0-00EF             50
                         0110-016F             60
                         0190-01EF             60
        SFR0             0000-001F             20           1
        SFR1             0080-009F             20           1
        SFR2             0100-010F             10           1
        SFR3             0180-018F             10           1
        STACK            0110-016F             60           1
        STRCODE          0003-0003              1           2
                         0663-1FFF           199D
        STRING           0003-0003              1           2
                         0663-1FFF            100

                                  Symbol Table

?___awdiv                       cstackBANK0  0025
?___awmod                       cstackBANK0  0025
?i1___awdiv                     cstackCOMMON 0070
?i1___awmod                     cstackCOMMON 0070
_ADCON1                         (abs)        009F
_CMCON                          (abs)        009C
_CheckButton                    text8        0580
_CurrentLED                     bssCOMMON    007D
_CurrentState                   bssCOMMON    007C
_HienThi                        text5        023F
_INTCONbits                     (abs)        000B
_ISR                            text9        0035
_InitTimer0                     text4        05CC
_InitTimer1                     text3        05A9
_LEDCode                        dataBANK0    0033
_LEDData                        bssBANK0     0043
_NightLight                     dataBANK0    003F
_NightMode                      dataBANK0    0040
_OPTION_REGbits                 (abs)        0081
_OffYellow                      text23       0658
_OnYellow                       text22       064D
_PIE1bits                       (abs)        008C
_PIR1bits                       (abs)        000C
_PORTA                          (abs)        0005
_PORTB                          (abs)        0006
_PORTBbits                      (abs)        0006
_PORTC                          (abs)        0007
_PORTD                          (abs)        0008
_PORTE                          (abs)        0009
_Phase1GreenTime                dataBANK0    0042
_Phase2GreenTime                dataBANK0    0041
_RC0                            (abs)        0038
_RC1                            (abs)        0039
_RC2                            (abs)        003A
_RC3                            (abs)        003B
_RC4                            (abs)        003C
_RC5                            (abs)        003D
_RC6                            (abs)        003E
_RC7                            (abs)        003F
_ScanLED                        text21       0529
_SetLightPhase1Green            text2        0600
_SetLightPhase1Yellow           text20       0642
_SetLightPhase2Green            text19       0637
_SetLightPhase2Yellow           text18       062C
_SetTimePhase1Green             text1        05DC
_SetTimePhase1Yellow            text17       0621
_SetTimePhase2Green             text16       05F4
_SetTimePhase2Yellow            text15       0616
_T1CONbits                      (abs)        0010
_TMR0                           (abs)        0001
_TMR1H                          (abs)        000F
_TMR1L                          (abs)        000E
_TRISA                          (abs)        0085
_TRISB                          (abs)        0086
_TRISC                          (abs)        0087
_TRISD                          (abs)        0088
_TRISE                          (abs)        0089
_TimeCount1                     nvBANK0      0050
_TimeCount2                     nvBANK0      004F
_Timer0Count                    bssBANK0     004D
_Timer1Count                    bssBANK0     004B
__Habs1                         abs1         0000
__Hbank0                        bank0        0000
__Hbank1                        bank1        0000
__Hbank2                        bank2        0000
__Hbank3                        bank3        0000
__HbssBANK0                     bssBANK0     0000
__HbssCOMMON                    bssCOMMON    0000
__Hcinit                        cinit        0035
__Hclrtext                      clrtext      0000
__Hcode                         code         0000
__Hcommon                       common       0000
__Hconfig                       config       2008
__HcstackBANK0                  cstackBANK0  0000
__HcstackCOMMON                 cstackCOMMON 0000
__HdataBANK0                    dataBANK0    0000
__Heeprom_data                  eeprom_data  0000
__Hend_init                     end_init     0015
__Hfunctab                      functab      0000
__HidataBANK0                   idataBANK0   0000
__Hinit                         init         0012
__Hinittext                     inittext     0000
__Hintentry                     intentry     0012
__Hmaintext                     maintext     0000
__HnvBANK0                      nvBANK0      0000
__Hpowerup                      powerup      0000
__Hram                          ram          0000
__Hreset_vec                    reset_vec    0003
__Hsfr0                         sfr0         0000
__Hsfr1                         sfr1         0000
__Hsfr2                         sfr2         0000
__Hsfr3                         sfr3         0000
__Hspace_0                      (abs)        0663
__Hspace_1                      (abs)        007E
__Hspace_2                      (abs)        0000
__Hspace_3                      (abs)        0000
__Hspace_4                      (abs)        400F
__Hstack                        stack        0000
__Hstrings                      strings      0000
__Htext                         text         0000
__Labs1                         abs1         0000
__Lbank0                        bank0        0000
__Lbank1                        bank1        0000
__Lbank2                        bank2        0000
__Lbank3                        bank3        0000
__LbssBANK0                     bssBANK0     0000
__LbssCOMMON                    bssCOMMON    0000
__Lcinit                        cinit        0015
__Lclrtext                      clrtext      0000
__Lcode                         code         0000
__Lcommon                       common       0000
__Lconfig                       config       0000
__LcstackBANK0                  cstackBANK0  0000
__LcstackCOMMON                 cstackCOMMON 0000
__LdataBANK0                    dataBANK0    0000
__Leeprom_data                  eeprom_data  0000
__Lend_init                     end_init     0012
__Lfunctab                      functab      0000
__LidataBANK0                   idataBANK0   0000
__Linit                         init         0012
__Linittext                     inittext     0000
__Lintentry                     intentry     0004
__Lmaintext                     maintext     0000
__LnvBANK0                      nvBANK0      0000
__Lpowerup                      powerup      0000
__Lram                          ram          0000
__Lreset_vec                    reset_vec    0000
__Lsfr0                         sfr0         0000
__Lsfr1                         sfr1         0000
__Lsfr2                         sfr2         0000
__Lsfr3                         sfr3         0000
__Lspace_0                      (abs)        0000
__Lspace_1                      (abs)        0000
__Lspace_2                      (abs)        0000
__Lspace_3                      (abs)        0000
__Lspace_4                      (abs)        0000
__Lstack                        stack        0000
__Lstrings                      strings      0000
__Ltext                         text         0000
__S0                            (abs)        0663
__S1                            (abs)        007E
__S2                            (abs)        0000
__S3                            (abs)        0000
___awdiv                        text7        03A5
___awdiv@counter                cstackBANK0  002A
___awdiv@dividend               cstackBANK0  0027
___awdiv@divisor                cstackBANK0  0025
___awdiv@quotient               cstackBANK0  002C
___awdiv@sign                   cstackBANK0  002B
___awmod                        text6        0475
___awmod@counter                cstackBANK0  002A
___awmod@dividend               cstackBANK0  0027
___awmod@divisor                cstackBANK0  0025
___awmod@sign                   cstackBANK0  002B
___int_sp                       stack        0000
___latbits                      (abs)        0002
___sp                           stack        0000
___stackhi                      (abs)        0000
___stacklo                      (abs)        0000
__end_of_CheckButton            text8        0596
__end_of_HienThi                text5        02F2
__end_of_ISR                    text9        0154
__end_of_InitTimer0             text4        05DC
__end_of_InitTimer1             text3        05BC
__end_of_OffYellow              text23       0663
__end_of_OnYellow               text22       0658
__end_of_ScanLED                text21       0580
__end_of_SetLightPhase1Green    text2        060B
__end_of_SetLightPhase1Yellow   text20       064D
__end_of_SetLightPhase2Green    text19       0642
__end_of_SetLightPhase2Yellow   text18       0637
__end_of_SetTimePhase1Green     text1        05E8
__end_of_SetTimePhase1Yellow    text17       062C
__end_of_SetTimePhase2Green     text16       0600
__end_of_SetTimePhase2Yellow    text15       0621
__end_of___awdiv                text7        040E
__end_of___awmod                text6        04D0
__end_of__initialization        cinit        0031
__end_of_main                   maintext     023F
__end_ofi1_HienThi              text12       03A5
__end_ofi1_SetLightPhase1Green  text11       0616
__end_ofi1_SetTimePhase1Green   text10       05F4
__end_ofi1___awdiv              text14       0475
__end_ofi1___awmod              text13       0529
__initialization                cinit        0015
__pbssBANK0                     bssBANK0     0043
__pbssCOMMON                    bssCOMMON    007C
__pcstackBANK0                  cstackBANK0  0020
__pcstackCOMMON                 cstackCOMMON 0070
__pdataBANK0                    dataBANK0    0033
__pidataBANK0                   idataBANK0   05BC
__pintentry                     intentry     0004
__pmaintext                     maintext     0154
__pnvBANK0                      nvBANK0      004F
__ptext1                        text1        05DC
__ptext10                       text10       05E8
__ptext11                       text11       060B
__ptext12                       text12       02F2
__ptext13                       text13       04D0
__ptext14                       text14       040E
__ptext15                       text15       0616
__ptext16                       text16       05F4
__ptext17                       text17       0621
__ptext18                       text18       062C
__ptext19                       text19       0637
__ptext2                        text2        0600
__ptext20                       text20       0642
__ptext21                       text21       0529
__ptext22                       text22       064D
__ptext23                       text23       0658
__ptext3                        text3        05A9
__ptext4                        text4        05CC
__ptext5                        text5        023F
__ptext6                        text6        0475
__ptext7                        text7        03A5
__ptext8                        text8        0580
__ptext9                        text9        0035
__size_of_CheckButton           (abs)        0000
__size_of_HienThi               (abs)        0000
__size_of_ISR                   (abs)        0000
__size_of_InitTimer0            (abs)        0000
__size_of_InitTimer1            (abs)        0000
__size_of_OffYellow             (abs)        0000
__size_of_OnYellow              (abs)        0000
__size_of_ScanLED               (abs)        0000
__size_of_SetLightPhase1Green   (abs)        0000
__size_of_SetLightPhase1Yellow  (abs)        0000
__size_of_SetLightPhase2Green   (abs)        0000
__size_of_SetLightPhase2Yellow  (abs)        0000
__size_of_SetTimePhase1Green    (abs)        0000
__size_of_SetTimePhase1Yellow   (abs)        0000
__size_of_SetTimePhase2Green    (abs)        0000
__size_of_SetTimePhase2Yellow   (abs)        0000
__size_of___awdiv               (abs)        0000
__size_of___awmod               (abs)        0000
__size_of_main                  (abs)        0000
__size_ofi1_HienThi             (abs)        0000
__size_ofi1_SetLightPhase1Green (abs)        0000
__size_ofi1_SetTimePhase1Green  (abs)        0000
__size_ofi1___awdiv             (abs)        0000
__size_ofi1___awmod             (abs)        0000
_main                           maintext     0154
btemp                           (abs)        007E
end_of_initialization           cinit        0031
i1_HienThi                      text12       02F2
i1_SetLightPhase1Green          text11       060B
i1_SetTimePhase1Green           text10       05E8
i1___awdiv                      text14       040E
i1___awdiv@counter              cstackCOMMON 0075
i1___awdiv@dividend             cstackCOMMON 0072
i1___awdiv@divisor              cstackCOMMON 0070
i1___awdiv@quotient             cstackCOMMON 0077
i1___awdiv@sign                 cstackCOMMON 0076
i1___awmod                      text13       04D0
i1___awmod@counter              cstackCOMMON 0075
i1___awmod@dividend             cstackCOMMON 0072
i1___awmod@divisor              cstackCOMMON 0070
i1___awmod@sign                 cstackCOMMON 0076
init_fetch0                     inittext     0596
init_ram0                       inittext     059A
interrupt_function              intentry     0004
intlevel0                       functab      0000
intlevel1                       functab      0000
intlevel2                       functab      0000
intlevel3                       functab      0000
intlevel4                       functab      0000
intlevel5                       functab      0000
main@Button                     cstackBANK0  0032
reset_vec                       reset_vec    0000
saved_w                         (abs)        007E
start                           init         0012
start_initialization            cinit        0015
wtemp0                          (abs)        007E


MODULE INFORMATION

Module		Function		Class		Link	Load	Size
MainCode.c
		_SetTimePhase1Yellow		CODE           	0621	0000	11
		_SetTimePhase2Yellow		CODE           	0616	0000	11
		_ISR           		CODE           	0035	0000	287
		_SetLightPhase1Yellow		CODE           	0642	0000	11
		_SetLightPhase2Yellow		CODE           	062C	0000	11
		_InitTimer0    		CODE           	05CC	0000	16
		_InitTimer1    		CODE           	05A9	0000	19
		_main          		CODE           	0154	0000	235
		_ScanLED       		CODE           	0529	0000	87
		_HienThi       		CODE           	023F	0000	179
		_CheckButton   		CODE           	0580	0000	22
		_SetLightPhase1Green		CODE           	0600	0000	11
		_SetLightPhase2Green		CODE           	0637	0000	11
		_SetTimePhase1Green		CODE           	05DC	0000	12
		_SetTimePhase2Green		CODE           	05F4	0000	12
		_OnYellow      		CODE           	064D	0000	11
		_OffYellow     		CODE           	0658	0000	11

MainCode.c estimated size: 957

E:\Program Files\Microchip\xc8\v2.32\pic\sources\c90\common\awdiv.c
		___awdiv       		CODE           	03A5	0000	105

E:\Program Files\Microchip\xc8\v2.32\pic\sources\c90\common\awdiv.c estimated size: 105

shared
		i1_SetTimePhase1Green		CODE           	05E8	0000	12
		i1_SetLightPhase1Green		CODE           	060B	0000	11
		i1___awdiv     		CODE           	040E	0000	103
		__initialization		CODE           	0015	0000	28
		i1___awmod     		CODE           	04D0	0000	89
		i1_HienThi     		CODE           	02F2	0000	179

shared estimated size: 422

E:\Program Files\Microchip\xc8\v2.32\pic\sources\c90\common\awmod.c
		___awmod       		CODE           	0475	0000	91

E:\Program Files\Microchip\xc8\v2.32\pic\sources\c90\common\awmod.c estimated size: 91



MODULE INFORMATION

Module		Function		Class		Link	Load	Size
MainCode.c
		_SetTimePhase1Yellow		CODE           	0621	0000	11
		_SetTimePhase2Yellow		CODE           	0616	0000	11
		_ISR           		CODE           	0035	0000	287
		_SetLightPhase1Yellow		CODE           	0642	0000	11
		_SetLightPhase2Yellow		CODE           	062C	0000	11
		_InitTimer0    		CODE           	05CC	0000	16
		_InitTimer1    		CODE           	05A9	0000	19
		_main          		CODE           	0154	0000	235
		_ScanLED       		CODE           	0529	0000	87
		_HienThi       		CODE           	023F	0000	179
		_CheckButton   		CODE           	0580	0000	22
		_SetLightPhase1Green		CODE           	0600	0000	11
		_SetLightPhase2Green		CODE           	0637	0000	11
		_SetTimePhase1Green		CODE           	05DC	0000	12
		_SetTimePhase2Green		CODE           	05F4	0000	12
		_OnYellow      		CODE           	064D	0000	11
		_OffYellow     		CODE           	0658	0000	11

MainCode.c estimated size: 957

E:\Program Files\Microchip\xc8\v2.32\pic\sources\c90\common\awdiv.c
		___awdiv       		CODE           	03A5	0000	105

E:\Program Files\Microchip\xc8\v2.32\pic\sources\c90\common\awdiv.c estimated size: 105

shared
		i1_SetTimePhase1Green		CODE           	05E8	0000	12
		i1_SetLightPhase1Green		CODE           	060B	0000	11
		i1___awdiv     		CODE           	040E	0000	103
		__initialization		CODE           	0015	0000	28
		i1___awmod     		CODE           	04D0	0000	89
		i1_HienThi     		CODE           	02F2	0000	179

shared estimated size: 422

E:\Program Files\Microchip\xc8\v2.32\pic\sources\c90\common\awmod.c
		___awmod       		CODE           	0475	0000	91

E:\Program Files\Microchip\xc8\v2.32\pic\sources\c90\common\awmod.c estimated size: 91

